------------------------------------------------------------
Timing Analyzer Summary
------------------------------------------------------------

Type  : Slow 1200mV 85C Model Setup 'KEY[1]'
Slack : -18.748
TNS   : -18.748

Type  : Slow 1200mV 85C Model Setup 'KEY[0]'
Slack : -18.632
TNS   : -18.632

Type  : Slow 1200mV 85C Model Setup 'VGA_CLK1_40|altpll_component|auto_generated|pll1|clk[0]'
Slack : -2.438
TNS   : -4.759

Type  : Slow 1200mV 85C Model Hold 'VGA_CLK1_40|altpll_component|auto_generated|pll1|clk[0]'
Slack : 0.428
TNS   : 0.000

Type  : Slow 1200mV 85C Model Hold 'KEY[1]'
Slack : 0.867
TNS   : 0.000

Type  : Slow 1200mV 85C Model Hold 'KEY[0]'
Slack : 0.880
TNS   : 0.000

Type  : Slow 1200mV 85C Model Minimum Pulse Width 'KEY[0]'
Slack : -3.000
TNS   : -3.000

Type  : Slow 1200mV 85C Model Minimum Pulse Width 'KEY[1]'
Slack : -3.000
TNS   : -3.000

Type  : Slow 1200mV 85C Model Minimum Pulse Width 'MAX10_CLK1_50'
Slack : 9.775
TNS   : 0.000

Type  : Slow 1200mV 85C Model Minimum Pulse Width 'VGA_CLK1_40|altpll_component|auto_generated|pll1|clk[0]'
Slack : 12.270
TNS   : 0.000

Type  : Slow 1200mV 0C Model Setup 'KEY[1]'
Slack : -16.853
TNS   : -16.853

Type  : Slow 1200mV 0C Model Setup 'KEY[0]'
Slack : -16.753
TNS   : -16.753

Type  : Slow 1200mV 0C Model Setup 'VGA_CLK1_40|altpll_component|auto_generated|pll1|clk[0]'
Slack : -1.771
TNS   : -3.429

Type  : Slow 1200mV 0C Model Hold 'VGA_CLK1_40|altpll_component|auto_generated|pll1|clk[0]'
Slack : 0.354
TNS   : 0.000

Type  : Slow 1200mV 0C Model Hold 'KEY[1]'
Slack : 0.795
TNS   : 0.000

Type  : Slow 1200mV 0C Model Hold 'KEY[0]'
Slack : 0.803
TNS   : 0.000

Type  : Slow 1200mV 0C Model Minimum Pulse Width 'KEY[0]'
Slack : -3.000
TNS   : -3.000

Type  : Slow 1200mV 0C Model Minimum Pulse Width 'KEY[1]'
Slack : -3.000
TNS   : -3.000

Type  : Slow 1200mV 0C Model Minimum Pulse Width 'MAX10_CLK1_50'
Slack : 9.783
TNS   : 0.000

Type  : Slow 1200mV 0C Model Minimum Pulse Width 'VGA_CLK1_40|altpll_component|auto_generated|pll1|clk[0]'
Slack : 12.221
TNS   : 0.000

Type  : Fast 1200mV 0C Model Setup 'KEY[1]'
Slack : -8.332
TNS   : -8.332

Type  : Fast 1200mV 0C Model Setup 'KEY[0]'
Slack : -8.261
TNS   : -8.261

Type  : Fast 1200mV 0C Model Setup 'VGA_CLK1_40|altpll_component|auto_generated|pll1|clk[0]'
Slack : -1.133
TNS   : -2.192

Type  : Fast 1200mV 0C Model Hold 'VGA_CLK1_40|altpll_component|auto_generated|pll1|clk[0]'
Slack : 0.211
TNS   : 0.000

Type  : Fast 1200mV 0C Model Hold 'KEY[1]'
Slack : 0.392
TNS   : 0.000

Type  : Fast 1200mV 0C Model Hold 'KEY[0]'
Slack : 0.397
TNS   : 0.000

Type  : Fast 1200mV 0C Model Minimum Pulse Width 'KEY[0]'
Slack : -3.000
TNS   : -3.024

Type  : Fast 1200mV 0C Model Minimum Pulse Width 'KEY[1]'
Slack : -3.000
TNS   : -3.006

Type  : Fast 1200mV 0C Model Minimum Pulse Width 'MAX10_CLK1_50'
Slack : 9.530
TNS   : 0.000

Type  : Fast 1200mV 0C Model Minimum Pulse Width 'VGA_CLK1_40|altpll_component|auto_generated|pll1|clk[0]'
Slack : 12.268
TNS   : 0.000

------------------------------------------------------------
